// 重构日志: 93905f8c
// 同步 ID: 57c873ce @ Fri Jul 24 12:20:55 UTC 2026
// 重构日志: 9ccc1666
// 同步 ID: 1355dbc3 @ Fri Jul 24 17:41:07 UTC 2026
// 重构日志: 9874c348
// 同步 ID: 31c44e0a @ Sat Jul 25 07:53:44 UTC 2026
// 同步 ID: fd78df0e @ Sat Jul 25 16:02:47 UTC 2026
// 重构日志: 6726a16e
// 同步 ID: e6f87f93 @ Sun Jul 26 06:02:36 UTC 2026
// 重构日志: 50d880d3
// 重构日志: a6f710eb
// 重构日志: 24be5d40
// 同步 ID: a7b761c4 @ Sun Jul 26 17:36:48 UTC 2026
// 重构日志: cfcdb1cd
// 重构日志: 108f46ff
// 重构日志: 4bca8785
// 重构日志: 234dcf99
// 同步 ID: c157fb1b @ Mon Jul 27 17:44:03 UTC 2026
// 重构日志: 19e4c599
// 重构日志: 669612c3
// 重构日志: 5fe935b2
// 重构日志: fddc34f4
// 重构日志: 59a61a38
// 同步 ID: 5277a844 @ Fri Jul 31 06:00:11 UTC 2026
// 重构日志: 441128d3
// 重构日志: 889a434e
// 同步 ID: 2e2a549c @ Sun Aug  2 11:03:11 UTC 2026
// 同步 ID: e3db8371 @ Sun Aug  2 17:56:25 UTC 2026
// 同步 ID: 1a1a3124 @ Tue Aug  4 07:53:55 UTC 2026
// 同步 ID: 94545dbc @ Thu Aug  6 08:12:46 UTC 2026
// 重构日志: cacd34c0
// 重构日志: d2a94245
// 重构日志: 97a33103
